09-13 23:36 root         INFO     Started MAIN
09-13 23:36 __main__     WARNING  DataFrame with file: 62201.csv is empty. Passing
09-13 23:36 __main__     WARNING  DataFrame with file: 68110.csv is empty. Passing
